// Vitest Snapshot v1, https://vitest.dev/guide/snapshot.html

exports[`agent image > openclaw.json structure matches snapshot 1`] = `
{
  "browser": {
    "attachOnly": "boolean",
    "defaultProfile": "string",
    "enabled": "boolean",
    "headless": "boolean",
    "noSandbox": "boolean",
    "profiles": {
      "remote": {
        "cdpUrl": "string",
      },
    },
  },
  "gateway": {
    "auth": {
      "mode": "string",
      "token": "string",
    },
    "bind": "string",
    "mode": "string",
    "port": "number",
    "tailscale": {
      "mode": "string",
    },
  },
  "logging": {
    "file": "string",
  },
  "meta": {
    "lastTouchedVersion": "string",
    "migrations": {
      "modelPolicyAllowlist": "boolean",
    },
  },
  "tools": {
    "profile": "string",
  },
  "wizard": {
    "lastRunAt": "string",
    "lastRunCommand": "string",
    "lastRunMode": "string",
    "lastRunVersion": "string",
  },
}
`;
