// Vitest Snapshot v1, https://vitest.dev/guide/snapshot.html

exports[`agent image > openclaw.json structure matches snapshot 1`] = `
{
  "agents": {
    "defaults": {
      "workspace": "string",
    },
  },
  "browser": {
    "attachOnly": "boolean",
    "color": "string",
    "defaultProfile": "string",
    "enabled": "boolean",
    "headless": "boolean",
    "noSandbox": "boolean",
    "profiles": {
      "remote": {
        "cdpUrl": "string",
        "color": "string",
      },
    },
    "remoteCdpHandshakeTimeoutMs": "number",
    "remoteCdpTimeoutMs": "number",
  },
  "gateway": {
    "auth": {
      "mode": "string",
      "token": "string",
    },
    "bind": "string",
    "controlUi": {
      "dangerouslyDisableDeviceAuth": "boolean",
    },
    "mode": "string",
    "port": "number",
    "tailscale": {
      "mode": "string",
      "resetOnExit": "boolean",
    },
  },
  "logging": {
    "file": "string",
  },
  "meta": {
    "lastTouchedAt": "string",
    "lastTouchedVersion": "string",
  },
  "session": {
    "dmScope": "string",
  },
  "skills": {
    "entries": {
      "<skill>": {
        "enabled": "boolean",
      },
    },
    "install": {
      "nodeManager": "string",
    },
  },
  "tools": {
    "profile": "string",
  },
  "wizard": {
    "lastRunAt": "string",
    "lastRunCommand": "string",
    "lastRunMode": "string",
    "lastRunVersion": "string",
  },
}
`;
